// Jest Snapshot v1, https://goo.gl/fbAQLP

exports[`AddItemButton renders correctly 1`] = `
<button
  aria-label="Add to-do item button"
  className="MuiIconButton-root MuiIconButton-variantSolid MuiIconButton-colorPrimary MuiIconButton-sizeLg drop-shadow-xl css-1tp8nsa-JoyIconButton-root"
  id="add-item-button"
  onBlur={[Function]}
  onClick={[Function]}
  onFocus={[Function]}
  onKeyDown={[Function]}
  onKeyUp={[Function]}
  onMouseDown={[Function]}
  onMouseLeave={[Function]}
>
  <svg
    aria-hidden={true}
    className="MuiSvgIcon-root MuiSvgIcon-fontSizeMedium css-i4bv87-MuiSvgIcon-root"
    data-testid="AddIcon"
    focusable="false"
    viewBox="0 0 24 24"
  >
    <path
      d="M19 13h-6v6h-2v-6H5v-2h6V5h2v6h6v2z"
    />
  </svg>
</button>
`;
